s4: S in [900000000001, 1000000000000), 16 threads, chunk 1048576, ext=on
[30s] chunks 1050/95376  4-sets 311357385  5-sets 1009
[60s] chunks 2160/95376  4-sets 626872122  5-sets 2117
[90s] chunks 3257/95376  4-sets 938481525  5-sets 3112
[120s] chunks 4357/95376  4-sets 1252265535  5-sets 4188
[150s] chunks 5390/95376  4-sets 1544236953  5-sets 5199
[180s] chunks 6410/95376  4-sets 1834925939  5-sets 6196
[210s] chunks 7424/95376  4-sets 2123890141  5-sets 7147
[240s] chunks 8458/95376  4-sets 2417761905  5-sets 8138
[270s] chunks 9489/95376  4-sets 2711320467  5-sets 9104
[300s] chunks 10489/95376  4-sets 2994811337  5-sets 10079
[330s] chunks 11502/95376  4-sets 3283515797  5-sets 11025
[360s] chunks 12561/95376  4-sets 3585808224  5-sets 12044
[390s] chunks 13631/95376  4-sets 3889665844  5-sets 13064
[420s] chunks 14693/95376  4-sets 4192236438  5-sets 14082
[450s] chunks 15762/95376  4-sets 4494347334  5-sets 15112
[480s] chunks 16798/95376  4-sets 4791022593  5-sets 16126
[510s] chunks 17878/95376  4-sets 5097804505  5-sets 17185
[540s] chunks 18951/95376  4-sets 5402141043  5-sets 18222
[570s] chunks 19991/95376  4-sets 5697779162  5-sets 19250
[601s] chunks 20993/95376  4-sets 5982279513  5-sets 20220
[631s] chunks 22018/95376  4-sets 6275772254  5-sets 21251
[661s] chunks 23085/95376  4-sets 6579014357  5-sets 22297
[691s] chunks 24148/95376  4-sets 6881568491  5-sets 23391
[721s] chunks 25226/95376  4-sets 7188736965  5-sets 24425
[751s] chunks 26275/95376  4-sets 7486204823  5-sets 25413
[781s] chunks 27253/95376  4-sets 7760474404  5-sets 26311
[811s] chunks 28276/95376  4-sets 8056262567  5-sets 27350
[841s] chunks 29368/95376  4-sets 8366013462  5-sets 28457
[871s] chunks 30429/95376  4-sets 8668652225  5-sets 29522
[901s] chunks 31484/95376  4-sets 8968674719  5-sets 30538
[931s] chunks 32493/95376  4-sets 9251792370  5-sets 31526
[961s] chunks 33552/95376  4-sets 9556997329  5-sets 32582
[991s] chunks 34621/95376  4-sets 9859822468  5-sets 33625
[1021s] chunks 35645/95376  4-sets 10150744146  5-sets 34611
[1051s] chunks 36720/95376  4-sets 10458687332  5-sets 35677
[1081s] chunks 37807/95376  4-sets 10766974186  5-sets 36753
[1111s] chunks 38874/95376  4-sets 11070474676  5-sets 37811
[1141s] chunks 39935/95376  4-sets 11373048022  5-sets 38770
[1171s] chunks 41010/95376  4-sets 11677796730  5-sets 39849
[1201s] chunks 42054/95376  4-sets 11976020476  5-sets 40937
[1230s] chunks 43076/95376  4-sets 12266544973  5-sets 41948
[1260s] chunks 44106/95376  4-sets 12560714879  5-sets 42978
[1290s] chunks 45184/95376  4-sets 12867152058  5-sets 44005
[1320s] chunks 46228/95376  4-sets 13163814628  5-sets 45020
[1350s] chunks 47272/95376  4-sets 13459702829  5-sets 46012
[1380s] chunks 48328/95376  4-sets 13759662277  5-sets 47062
[1410s] chunks 49342/95376  4-sets 14050371649  5-sets 47991
[1440s] chunks 50428/95376  4-sets 14358922936  5-sets 49012
[1470s] chunks 51524/95376  4-sets 14670384226  5-sets 50115
[1500s] chunks 52558/95376  4-sets 14963591915  5-sets 51098
[1530s] chunks 53630/95376  4-sets 15269588826  5-sets 52166
[1560s] chunks 54696/95376  4-sets 15573763918  5-sets 53238
[1590s] chunks 55767/95376  4-sets 15877583317  5-sets 54272
[1620s] chunks 56816/95376  4-sets 16176283051  5-sets 55261
[1650s] chunks 57907/95376  4-sets 16486937494  5-sets 56309
[1680s] chunks 58993/95376  4-sets 16795168487  5-sets 57316
[1710s] chunks 60049/95376  4-sets 17095957453  5-sets 58351
[1740s] chunks 61118/95376  4-sets 17400544038  5-sets 59379
[1770s] chunks 62172/95376  4-sets 17699407261  5-sets 60378
[1800s] chunks 63227/95376  4-sets 18000015640  5-sets 61412
[1830s] chunks 64274/95376  4-sets 18299243281  5-sets 62464
[1860s] chunks 65308/95376  4-sets 18593243624  5-sets 63505
[1890s] chunks 66338/95376  4-sets 18884387644  5-sets 64482
[1920s] chunks 67307/95376  4-sets 19161312580  5-sets 65398
[1951s] chunks 68334/95376  4-sets 19453140472  5-sets 66360
[1981s] chunks 69326/95376  4-sets 19736355422  5-sets 67348
[2011s] chunks 70293/95376  4-sets 20010676769  5-sets 68307
[2041s] chunks 71183/95376  4-sets 20262866214  5-sets 69211
[2071s] chunks 72199/95376  4-sets 20553290477  5-sets 70157
[2101s] chunks 73281/95376  4-sets 20861094413  5-sets 71285
[2131s] chunks 74288/95376  4-sets 21147614117  5-sets 72198
[2161s] chunks 75384/95376  4-sets 21460417193  5-sets 73253
[2191s] chunks 76463/95376  4-sets 21765344370  5-sets 74287
[2221s] chunks 77522/95376  4-sets 22067982431  5-sets 75380
[2251s] chunks 78578/95376  4-sets 22368862831  5-sets 76421
[2281s] chunks 79653/95376  4-sets 22674261117  5-sets 77455
[2311s] chunks 80727/95376  4-sets 22980477135  5-sets 78470
[2341s] chunks 81826/95376  4-sets 23292389047  5-sets 79524
[2371s] chunks 82900/95376  4-sets 23599180744  5-sets 80593
[2401s] chunks 84000/95376  4-sets 23911912664  5-sets 81723
[2431s] chunks 85081/95376  4-sets 24220382278  5-sets 82727
[2461s] chunks 86171/95376  4-sets 24529824553  5-sets 83771
[2490s] chunks 87200/95376  4-sets 24823567026  5-sets 84835
[2520s] chunks 88294/95376  4-sets 25134672385  5-sets 85918
[2550s] chunks 89340/95376  4-sets 25433292166  5-sets 86907
[2580s] chunks 90432/95376  4-sets 25744243701  5-sets 87951
[2610s] chunks 91519/95376  4-sets 26052485621  5-sets 88995
[2640s] chunks 92614/95376  4-sets 26364950526  5-sets 90033
[2670s] chunks 93729/95376  4-sets 26681193611  5-sets 91098
[2700s] chunks 94757/95376  4-sets 26967993141  5-sets 92070
[2730s] chunks 95327/95376  4-sets 27125476809  5-sets 92603
  thread  0: S [900000000001,906250000000) 4-sets 1686157648 5-sets 5940  2719.4s
  thread  1: S [906250000000,912500000000) 4-sets 1687541349 5-sets 5887  2639.4s
  thread  2: S [912500000000,918750000000) 4-sets 1688855465 5-sets 5789  2687.0s
  thread  3: S [918750000000,925000000000) 4-sets 1690200095 5-sets 5844  2690.3s
  thread  4: S [925000000000,931250000000) 4-sets 1691526423 5-sets 5811  2688.8s
  thread  5: S [931250000000,937500000000) 4-sets 1692868873 5-sets 5839  2730.6s
  thread  6: S [937500000000,943750000000) 4-sets 1694074707 5-sets 5775  2694.4s
  thread  7: S [943750000000,950000000000) 4-sets 1695457982 5-sets 5893  2702.1s
  thread  8: S [950000000000,956250000000) 4-sets 1696707624 5-sets 5887  2690.1s
  thread  9: S [956250000000,962500000000) 4-sets 1697856326 5-sets 5784  2692.8s
  thread 10: S [962500000000,968750000000) 4-sets 1699338892 5-sets 5777  2695.1s
  thread 11: S [968750000000,975000000000) 4-sets 1700453540 5-sets 5777  2670.2s
  thread 12: S [975000000000,981250000000) 4-sets 1701864673 5-sets 5696  2714.2s
  thread 13: S [981250000000,987500000000) 4-sets 1702962787 5-sets 5779  2729.9s
  thread 14: S [987500000000,993750000000) 4-sets 1704185293 5-sets 5559  2722.1s
  thread 15: S [993750000000,1000000000000) 4-sets 1705654288 5-sets 5597  2738.7s
TOTAL: S_done=99999999999 pairs=39269900133 S_ge3=3292525174 triples=170170639914 4-sets=27135705965 (nonprimitive skipped=0) 5-sets=92634 6-sets=0 multi-ext-4sets=221 ext_cand=1015102781322 ext_sqrt=261356245242  wall=2739.1s
5-sets by log2(largest element): 38:3103 39:25928 40:27457 41:17066 42:9533 43:4999 44:2432 45:1184 46:573 47:211 48:94 49:33 50:16 51:4 53:1
