s4: S in [600000000001, 700000000000), 16 threads, chunk 1048576, ext=on
[30s] chunks 1163/95376  4-sets 329901434  5-sets 1392
[60s] chunks 2288/95376  4-sets 635098510  5-sets 2676
[90s] chunks 3450/95376  4-sets 950786808  5-sets 4013
[120s] chunks 4601/95376  4-sets 1264097449  5-sets 5279
[150s] chunks 5739/95376  4-sets 1574798196  5-sets 6561
[180s] chunks 6861/95376  4-sets 1880032343  5-sets 7822
[210s] chunks 7953/95376  4-sets 2177420756  5-sets 9069
[240s] chunks 9013/95376  4-sets 2462742474  5-sets 10202
[270s] chunks 10028/95376  4-sets 2741355851  5-sets 11390
[300s] chunks 11113/95376  4-sets 3035661846  5-sets 12608
[330s] chunks 12212/95376  4-sets 3335487591  5-sets 13839
[360s] chunks 13325/95376  4-sets 3637672300  5-sets 15014
[390s] chunks 14437/95376  4-sets 3940181486  5-sets 16238
[420s] chunks 15524/95376  4-sets 4237577666  5-sets 17444
[450s] chunks 16635/95376  4-sets 4539244970  5-sets 18665
[480s] chunks 17705/95376  4-sets 4831437623  5-sets 19886
[510s] chunks 18799/95376  4-sets 5128805174  5-sets 21100
[541s] chunks 19901/95376  4-sets 5427102358  5-sets 22287
[571s] chunks 20987/95376  4-sets 5723244221  5-sets 23510
[601s] chunks 22068/95376  4-sets 6017328690  5-sets 24751
[631s] chunks 23170/95376  4-sets 6317863177  5-sets 25971
[661s] chunks 24270/95376  4-sets 6615253124  5-sets 27229
[691s] chunks 25366/95376  4-sets 6915353392  5-sets 28454
[721s] chunks 26462/95376  4-sets 7213995145  5-sets 29724
[751s] chunks 27562/95376  4-sets 7512673663  5-sets 30996
[781s] chunks 28648/95376  4-sets 7808031007  5-sets 32275
[811s] chunks 29733/95376  4-sets 8102323154  5-sets 33455
[841s] chunks 30811/95376  4-sets 8393929462  5-sets 34654
[871s] chunks 31864/95376  4-sets 8683242204  5-sets 35825
[901s] chunks 33004/95376  4-sets 8993328448  5-sets 37103
[931s] chunks 34153/95376  4-sets 9307379872  5-sets 38401
[961s] chunks 35295/95376  4-sets 9618374820  5-sets 39623
[991s] chunks 36410/95376  4-sets 9921579275  5-sets 40884
[1021s] chunks 37528/95376  4-sets 10225964979  5-sets 42156
[1051s] chunks 38677/95376  4-sets 10538606907  5-sets 43443
[1081s] chunks 39818/95376  4-sets 10848468268  5-sets 44742
[1111s] chunks 40960/95376  4-sets 11160583712  5-sets 46009
[1140s] chunks 42133/95376  4-sets 11479072181  5-sets 47282
[1170s] chunks 43299/95376  4-sets 11796738915  5-sets 48591
[1200s] chunks 44536/95376  4-sets 12135300031  5-sets 49900
[1230s] chunks 45769/95376  4-sets 12470756766  5-sets 51226
[1260s] chunks 47009/95376  4-sets 12808059802  5-sets 52569
[1290s] chunks 48237/95376  4-sets 13142403829  5-sets 53939
[1320s] chunks 49467/95376  4-sets 13476767574  5-sets 55274
[1350s] chunks 50709/95376  4-sets 13814971098  5-sets 56653
[1380s] chunks 51891/95376  4-sets 14136336455  5-sets 57959
[1411s] chunks 53120/95376  4-sets 14471230817  5-sets 59224
[1441s] chunks 54329/95376  4-sets 14798375611  5-sets 60577
[1471s] chunks 55513/95376  4-sets 15122680382  5-sets 61883
[1501s] chunks 56713/95376  4-sets 15450436766  5-sets 63277
[1531s] chunks 57845/95376  4-sets 15759350934  5-sets 64534
[1561s] chunks 58851/95376  4-sets 16032068357  5-sets 65642
[1591s] chunks 60036/95376  4-sets 16356010474  5-sets 67006
[1621s] chunks 61208/95376  4-sets 16673641465  5-sets 68321
[1651s] chunks 62385/95376  4-sets 16993759600  5-sets 69638
[1681s] chunks 63579/95376  4-sets 17320115097  5-sets 70912
[1711s] chunks 64765/95376  4-sets 17642628654  5-sets 72232
[1741s] chunks 65944/95376  4-sets 17962656541  5-sets 73527
[1771s] chunks 67096/95376  4-sets 18277040044  5-sets 74777
[1801s] chunks 68281/95376  4-sets 18598940845  5-sets 76111
[1831s] chunks 69477/95376  4-sets 18925039923  5-sets 77464
[1861s] chunks 70681/95376  4-sets 19252402693  5-sets 78782
[1891s] chunks 71887/95376  4-sets 19581926355  5-sets 80137
[1921s] chunks 73108/95376  4-sets 19914288499  5-sets 81446
[1951s] chunks 74334/95376  4-sets 20248083270  5-sets 82779
[1981s] chunks 75566/95376  4-sets 20583221706  5-sets 84173
[2011s] chunks 76779/95376  4-sets 20912732985  5-sets 85516
[2041s] chunks 77929/95376  4-sets 21224612489  5-sets 86773
[2071s] chunks 79066/95376  4-sets 21535998359  5-sets 88051
[2101s] chunks 80277/95376  4-sets 21866799591  5-sets 89423
[2131s] chunks 81473/95376  4-sets 22191773345  5-sets 90758
[2161s] chunks 82674/95376  4-sets 22520603234  5-sets 92150
[2191s] chunks 83873/95376  4-sets 22845535222  5-sets 93462
[2221s] chunks 84905/95376  4-sets 23126597166  5-sets 94642
[2251s] chunks 86091/95376  4-sets 23450099883  5-sets 95924
[2281s] chunks 87204/95376  4-sets 23752889237  5-sets 97163
[2311s] chunks 88399/95376  4-sets 24078530956  5-sets 98541
[2341s] chunks 89594/95376  4-sets 24402822251  5-sets 99887
[2370s] chunks 90676/95376  4-sets 24700503393  5-sets 101086
[2400s] chunks 91846/95376  4-sets 25019033142  5-sets 102427
[2430s] chunks 93035/95376  4-sets 25342788033  5-sets 103783
[2460s] chunks 94216/95376  4-sets 25663069678  5-sets 105083
[2490s] chunks 95071/95376  4-sets 25887947085  5-sets 106004
  thread  0: S [600000000001,606250000000) 4-sets 1608818545 5-sets 6792  2420.7s
  thread  1: S [606250000000,612500000000) 4-sets 1610826688 5-sets 6747  2471.5s
  thread  2: S [612500000000,618750000000) 4-sets 1612765558 5-sets 6739  2463.7s
  thread  3: S [618750000000,625000000000) 4-sets 1614599835 5-sets 6661  2443.7s
  thread  4: S [625000000000,631250000000) 4-sets 1616554841 5-sets 6746  2476.8s
  thread  5: S [631250000000,637500000000) 4-sets 1618395182 5-sets 6715  2466.0s
  thread  6: S [637500000000,643750000000) 4-sets 1620235296 5-sets 6759  2461.3s
  thread  7: S [643750000000,650000000000) 4-sets 1622092658 5-sets 6672  2500.9s
  thread  8: S [650000000000,656250000000) 4-sets 1623926228 5-sets 6611  2442.3s
  thread  9: S [656250000000,662500000000) 4-sets 1625704407 5-sets 6672  2486.8s
  thread 10: S [662500000000,668750000000) 4-sets 1627609327 5-sets 6584  2506.4s
  thread 11: S [668750000000,675000000000) 4-sets 1629257326 5-sets 6645  2514.1s
  thread 12: S [675000000000,681250000000) 4-sets 1631016904 5-sets 6549  2468.3s
  thread 13: S [681250000000,687500000000) 4-sets 1632946824 5-sets 6528  2476.5s
  thread 14: S [687500000000,693750000000) 4-sets 1634492461 5-sets 6429  2507.8s
  thread 15: S [693750000000,700000000000) 4-sets 1636311205 5-sets 6493  2481.4s
TOTAL: S_done=99999999999 pairs=39269898962 S_ge3=3283984831 triples=163581459200 4-sets=25965553285 (nonprimitive skipped=0) 5-sets=106342 6-sets=0 multi-ext-4sets=260 ext_cand=942430391198 ext_sqrt=241410212524  wall=2514.1s
5-sets by log2(largest element): 37:215 38:16869 39:34583 40:24746 41:14849 42:7772 43:3873 44:1931 45:877 46:368 47:155 48:68 49:21 50:12 51:3
