s4: S in [100000000001, 200000000000), 16 threads, chunk 1048576, ext=on
[30s] chunks 1666/95376  4-sets 393216748  5-sets 3237
[60s] chunks 3381/95376  4-sets 781351086  5-sets 6431
[90s] chunks 5096/95376  4-sets 1169903454  5-sets 9637
[120s] chunks 6769/95376  4-sets 1548372546  5-sets 12866
[150s] chunks 8386/95376  4-sets 1916363696  5-sets 15956
[180s] chunks 10038/95376  4-sets 2289165543  5-sets 19044
[210s] chunks 11702/95376  4-sets 2667491395  5-sets 22111
[240s] chunks 13347/95376  4-sets 3041140782  5-sets 25291
[270s] chunks 15003/95376  4-sets 3415889331  5-sets 28394
[300s] chunks 16600/95376  4-sets 3777337169  5-sets 31446
[330s] chunks 18167/95376  4-sets 4131663116  5-sets 34361
[360s] chunks 19764/95376  4-sets 4495599873  5-sets 37423
[390s] chunks 21435/95376  4-sets 4874987938  5-sets 40504
[420s] chunks 23061/95376  4-sets 5244744767  5-sets 43528
[450s] chunks 24700/95376  4-sets 5614733827  5-sets 46586
[480s] chunks 26281/95376  4-sets 5974950395  5-sets 49616
[510s] chunks 27885/95376  4-sets 6338901304  5-sets 52505
[540s] chunks 29504/95376  4-sets 6705538803  5-sets 55539
[570s] chunks 31110/95376  4-sets 7070914786  5-sets 58651
[601s] chunks 32738/95376  4-sets 7440699935  5-sets 61636
[631s] chunks 34347/95376  4-sets 7806600552  5-sets 64681
[661s] chunks 35849/95376  4-sets 8145791671  5-sets 67532
[691s] chunks 37420/95376  4-sets 8503581747  5-sets 70484
[721s] chunks 38833/95376  4-sets 8821978389  5-sets 73190
[751s] chunks 40352/95376  4-sets 9168501771  5-sets 75993
[781s] chunks 41984/95376  4-sets 9540025635  5-sets 79088
[811s] chunks 43535/95376  4-sets 9890827319  5-sets 81922
[841s] chunks 45087/95376  4-sets 10243990484  5-sets 84832
[871s] chunks 46592/95376  4-sets 10585697688  5-sets 87650
[901s] chunks 48143/95376  4-sets 10939591845  5-sets 90583
[931s] chunks 49651/95376  4-sets 11282761701  5-sets 93517
[961s] chunks 51262/95376  4-sets 11647051353  5-sets 96489
[991s] chunks 52868/95376  4-sets 12013505734  5-sets 99559
[1021s] chunks 54488/95376  4-sets 12381720589  5-sets 102557
[1051s] chunks 56070/95376  4-sets 12741032603  5-sets 105496
[1081s] chunks 57659/95376  4-sets 13102028963  5-sets 108358
[1111s] chunks 59136/95376  4-sets 13439104439  5-sets 111193
[1141s] chunks 60733/95376  4-sets 13802698897  5-sets 114167
[1171s] chunks 62317/95376  4-sets 14162153651  5-sets 117099
[1201s] chunks 63918/95376  4-sets 14527006762  5-sets 120045
[1231s] chunks 65439/95376  4-sets 14871742328  5-sets 122847
[1261s] chunks 67062/95376  4-sets 15241381826  5-sets 125788
[1291s] chunks 68673/95376  4-sets 15607323855  5-sets 128660
[1321s] chunks 70294/95376  4-sets 15976386538  5-sets 131666
[1351s] chunks 71899/95376  4-sets 16340655685  5-sets 134598
[1381s] chunks 73436/95376  4-sets 16690247695  5-sets 137427
[1411s] chunks 74994/95376  4-sets 17045485141  5-sets 140309
[1440s] chunks 76504/95376  4-sets 17389192859  5-sets 143067
[1470s] chunks 78005/95376  4-sets 17730559706  5-sets 145780
[1500s] chunks 79550/95376  4-sets 18083444828  5-sets 148711
[1530s] chunks 81101/95376  4-sets 18435217998  5-sets 151564
[1560s] chunks 82680/95376  4-sets 18795978540  5-sets 154491
[1590s] chunks 84254/95376  4-sets 19154561444  5-sets 157379
[1620s] chunks 85750/95376  4-sets 19495314763  5-sets 160142
[1650s] chunks 87308/95376  4-sets 19849760299  5-sets 163119
[1680s] chunks 88844/95376  4-sets 20198948873  5-sets 166045
[1710s] chunks 90400/95376  4-sets 20554811052  5-sets 168878
[1740s] chunks 91884/95376  4-sets 20894522303  5-sets 171493
[1770s] chunks 93279/95376  4-sets 21213330762  5-sets 173974
[1800s] chunks 94329/95376  4-sets 21457475469  5-sets 175774
[1830s] chunks 95045/95376  4-sets 21619940386  5-sets 177025
  thread  0: S [100000000001,106250000000) 4-sets 1295776971 5-sets 12664  1710.6s
  thread  1: S [106250000000,112500000000) 4-sets 1305595057 5-sets 12170  1696.2s
  thread  2: S [112500000000,118750000000) 4-sets 1314854642 5-sets 12090  1713.3s
  thread  3: S [118750000000,125000000000) 4-sets 1323712854 5-sets 11788  1747.1s
  thread  4: S [125000000000,131250000000) 4-sets 1332069816 5-sets 11554  1727.0s
  thread  5: S [131250000000,137500000000) 4-sets 1340143122 5-sets 11432  1740.0s
  thread  6: S [137500000000,143750000000) 4-sets 1347899276 5-sets 11219  1765.1s
  thread  7: S [143750000000,150000000000) 4-sets 1355187567 5-sets 10996  1767.9s
  thread  8: S [150000000000,156250000000) 4-sets 1362373860 5-sets 10954  1774.7s
  thread  9: S [156250000000,162500000000) 4-sets 1369153781 5-sets 10853  1815.4s
  thread 10: S [162500000000,168750000000) 4-sets 1375771861 5-sets 10714  1803.4s
  thread 11: S [168750000000,175000000000) 4-sets 1382239288 5-sets 10461  1803.0s
  thread 12: S [175000000000,181250000000) 4-sets 1388272611 5-sets 10390  1819.5s
  thread 13: S [181250000000,187500000000) 4-sets 1394338874 5-sets 10040  1850.3s
  thread 14: S [187500000000,193750000000) 4-sets 1400102894 5-sets 10138  1855.5s
  thread 15: S [193750000000,200000000000) 4-sets 1405692688 5-sets 10067  1840.2s
TOTAL: S_done=99999999999 pairs=39269888959 S_ge3=3245977469 triples=139382804604 4-sets=21693185162 (nonprimitive skipped=0) 5-sets=177530 6-sets=0 multi-ext-4sets=508 ext_cand=697382619632 ext_sqrt=174710519289  wall=1856.3s
5-sets by log2(largest element): 35:2678 36:35041 37:55791 38:38627 39:22849 40:11758 41:5792 42:2832 43:1286 44:535 45:211 46:88 47:27 48:10 49:4 51:1
