s4: S in [200000000001, 300000000000), 16 threads, chunk 1048576, ext=on
[30s] chunks 943/95376  4-sets 234582604  5-sets 1456
[60s] chunks 2060/95376  4-sets 511996147  5-sets 3233
[90s] chunks 3503/95376  4-sets 862810448  5-sets 5434
[120s] chunks 4915/95376  4-sets 1204812621  5-sets 7702
[150s] chunks 6258/95376  4-sets 1528447840  5-sets 9794
[180s] chunks 7578/95376  4-sets 1849001205  5-sets 11932
[210s] chunks 8933/95376  4-sets 2177572155  5-sets 14028
[240s] chunks 10325/95376  4-sets 2515288421  5-sets 16220
[270s] chunks 11787/95376  4-sets 2868248250  5-sets 18530
[300s] chunks 13188/95376  4-sets 3207534630  5-sets 20722
[330s] chunks 14619/95376  4-sets 3555445104  5-sets 22980
[360s] chunks 16074/95376  4-sets 3908623655  5-sets 25260
[390s] chunks 17513/95376  4-sets 4257566483  5-sets 27523
[420s] chunks 18948/95376  4-sets 4605307392  5-sets 29780
[450s] chunks 20362/95376  4-sets 4948189856  5-sets 31994
[480s] chunks 21809/95376  4-sets 5296701206  5-sets 34193
[510s] chunks 23264/95376  4-sets 5650137970  5-sets 36450
[540s] chunks 24671/95376  4-sets 5991443133  5-sets 38663
[570s] chunks 26126/95376  4-sets 6345454656  5-sets 40905
[600s] chunks 27562/95376  4-sets 6693420822  5-sets 43130
[630s] chunks 28963/95376  4-sets 7032282269  5-sets 45403
[660s] chunks 30318/95376  4-sets 7360157750  5-sets 47581
[690s] chunks 31668/95376  4-sets 7687421779  5-sets 49680
[720s] chunks 33105/95376  4-sets 8037600104  5-sets 51907
[750s] chunks 34566/95376  4-sets 8391755285  5-sets 54189
[780s] chunks 36028/95376  4-sets 8745764236  5-sets 56449
[810s] chunks 37501/95376  4-sets 9103740075  5-sets 58806
[841s] chunks 38937/95376  4-sets 9450971503  5-sets 61057
[871s] chunks 40383/95376  4-sets 9802557614  5-sets 63450
[901s] chunks 41780/95376  4-sets 10142109243  5-sets 65588
[931s] chunks 43273/95376  4-sets 10503552820  5-sets 67911
[961s] chunks 44747/95376  4-sets 10860860120  5-sets 70218
[991s] chunks 46203/95376  4-sets 11214539400  5-sets 72428
[1021s] chunks 47494/95376  4-sets 11519580547  5-sets 74374
[1051s] chunks 48708/95376  4-sets 11822266103  5-sets 76190
[1081s] chunks 50190/95376  4-sets 12181553621  5-sets 78502
[1111s] chunks 51642/95376  4-sets 12533536334  5-sets 80733
[1141s] chunks 53114/95376  4-sets 12892251386  5-sets 83109
[1171s] chunks 54592/95376  4-sets 13250780480  5-sets 85486
[1201s] chunks 56053/95376  4-sets 13604403881  5-sets 87724
[1231s] chunks 57504/95376  4-sets 13955892767  5-sets 90010
[1261s] chunks 58849/95376  4-sets 14283299626  5-sets 92151
[1291s] chunks 60351/95376  4-sets 14648216638  5-sets 94474
[1321s] chunks 61845/95376  4-sets 15010352120  5-sets 96819
[1351s] chunks 63339/95376  4-sets 15372913471  5-sets 99072
[1381s] chunks 64819/95376  4-sets 15731449580  5-sets 101371
[1411s] chunks 66292/95376  4-sets 16089645075  5-sets 103597
[1441s] chunks 67761/95376  4-sets 16445789363  5-sets 105865
[1470s] chunks 69177/95376  4-sets 16789997423  5-sets 107990
[1500s] chunks 70682/95376  4-sets 17154732213  5-sets 110287
[1530s] chunks 72158/95376  4-sets 17513903380  5-sets 112578
[1560s] chunks 73633/95376  4-sets 17871064624  5-sets 114778
[1590s] chunks 75093/95376  4-sets 18226767358  5-sets 116982
[1620s] chunks 76560/95376  4-sets 18581718386  5-sets 119266
[1650s] chunks 77967/95376  4-sets 18925713079  5-sets 121474
[1680s] chunks 79401/95376  4-sets 19272717129  5-sets 123659
[1711s] chunks 80879/95376  4-sets 19631424326  5-sets 126016
[1741s] chunks 82350/95376  4-sets 19986769809  5-sets 128268
[1771s] chunks 83535/95376  4-sets 20276888964  5-sets 130090
[1801s] chunks 84950/95376  4-sets 20619940714  5-sets 132300
[1831s] chunks 86384/95376  4-sets 20969203761  5-sets 134567
[1861s] chunks 87840/95376  4-sets 21322261225  5-sets 136822
[1891s] chunks 89275/95376  4-sets 21671185966  5-sets 139062
[1921s] chunks 90741/95376  4-sets 22027003525  5-sets 141332
[1951s] chunks 92223/95376  4-sets 22387163708  5-sets 143567
[1981s] chunks 93663/95376  4-sets 22736924454  5-sets 145782
[2011s] chunks 94719/95376  4-sets 22989501661  5-sets 147365
[2041s] chunks 95210/95376  4-sets 23106975587  5-sets 148059
  thread  0: S [200000000001,206250000000) 4-sets 1411094102 5-sets 9980  1953.2s
  thread  1: S [206250000000,212500000000) 4-sets 1416365645 5-sets 9668  1951.2s
  thread  2: S [212500000000,218750000000) 4-sets 1421630874 5-sets 9732  1948.5s
  thread  3: S [218750000000,225000000000) 4-sets 1426603965 5-sets 9520  1970.8s
  thread  4: S [225000000000,231250000000) 4-sets 1431462891 5-sets 9593  1972.5s
  thread  5: S [231250000000,237500000000) 4-sets 1436276612 5-sets 9401  1991.7s
  thread  6: S [237500000000,243750000000) 4-sets 1440874366 5-sets 9423  2020.5s
  thread  7: S [243750000000,250000000000) 4-sets 1445471428 5-sets 9171  1990.7s
  thread  8: S [250000000000,256250000000) 4-sets 1449791895 5-sets 9324  1980.3s
  thread  9: S [256250000000,262500000000) 4-sets 1454266375 5-sets 8916  2010.5s
  thread 10: S [262500000000,268750000000) 4-sets 1458412992 5-sets 9228  1987.5s
  thread 11: S [268750000000,275000000000) 4-sets 1462506584 5-sets 9063  2000.0s
  thread 12: S [275000000000,281250000000) 4-sets 1466654356 5-sets 8924  2007.0s
  thread 13: S [281250000000,287500000000) 4-sets 1470532299 5-sets 8795  2031.0s
  thread 14: S [287500000000,293750000000) 4-sets 1474516811 5-sets 8730  2042.7s
  thread 15: S [293750000000,300000000000) 4-sets 1478340846 5-sets 8824  2067.0s
TOTAL: S_done=99999999999 pairs=39269893562 S_ge3=3260273831 triples=147631725343 4-sets=23144802041 (nonprimitive skipped=0) 5-sets=148292 6-sets=0 multi-ext-4sets=411 ext_cand=776992160687 ext_sqrt=196270601950  wall=2067.8s
5-sets by log2(largest element): 36:4229 37:38255 38:44871 39:28946 40:16200 41:8256 42:4014 43:1994 44:929 45:366 46:138 47:55 48:28 49:8 50:3
