s4: S in [700000000001, 800000000000), 16 threads, chunk 1048576, ext=on
[30s] chunks 1022/95376  4-sets 294643867  5-sets 1176
[60s] chunks 2102/95376  4-sets 594817967  5-sets 2312
[90s] chunks 3231/95376  4-sets 907634565  5-sets 3547
[120s] chunks 4352/95376  4-sets 1215580005  5-sets 4713
[150s] chunks 5444/95376  4-sets 1517973108  5-sets 5865
[180s] chunks 6569/95376  4-sets 1831160122  5-sets 6998
[211s] chunks 7714/95376  4-sets 2146687811  5-sets 8312
[241s] chunks 8877/95376  4-sets 2469760153  5-sets 9504
[271s] chunks 10033/95376  4-sets 2789544756  5-sets 10704
[301s] chunks 11182/95376  4-sets 3106622060  5-sets 11961
[331s] chunks 12317/95376  4-sets 3421168004  5-sets 13101
[361s] chunks 13449/95376  4-sets 3735342932  5-sets 14275
[391s] chunks 14525/95376  4-sets 4032923143  5-sets 15451
[421s] chunks 15682/95376  4-sets 4351161917  5-sets 16647
[451s] chunks 16837/95376  4-sets 4671454613  5-sets 17870
[481s] chunks 17971/95376  4-sets 4986047272  5-sets 19067
[511s] chunks 19114/95376  4-sets 5302441313  5-sets 20268
[541s] chunks 20282/95376  4-sets 5626093438  5-sets 21498
[571s] chunks 21440/95376  4-sets 5946379628  5-sets 22736
[601s] chunks 22590/95376  4-sets 6264581977  5-sets 23925
[631s] chunks 23734/95376  4-sets 6582190276  5-sets 25179
[661s] chunks 24869/95376  4-sets 6895280417  5-sets 26370
[691s] chunks 26008/95376  4-sets 7209384122  5-sets 27559
[721s] chunks 27142/95376  4-sets 7524762213  5-sets 28809
[750s] chunks 28199/95376  4-sets 7816264515  5-sets 29905
[780s] chunks 29278/95376  4-sets 8116169633  5-sets 31020
[810s] chunks 30444/95376  4-sets 8438454616  5-sets 32292
[840s] chunks 31607/95376  4-sets 8760109408  5-sets 33503
[870s] chunks 32767/95376  4-sets 9081169739  5-sets 34700
[900s] chunks 33887/95376  4-sets 9391014888  5-sets 35900
[930s] chunks 35034/95376  4-sets 9708431311  5-sets 37117
[960s] chunks 36122/95376  4-sets 10008346136  5-sets 38277
[990s] chunks 37169/95376  4-sets 10298060281  5-sets 39413
[1020s] chunks 38198/95376  4-sets 10584201639  5-sets 40541
[1050s] chunks 39201/95376  4-sets 10861195713  5-sets 41591
[1081s] chunks 40225/95376  4-sets 11144772667  5-sets 42683
[1111s] chunks 41305/95376  4-sets 11443424690  5-sets 43848
[1141s] chunks 42387/95376  4-sets 11743965186  5-sets 44963
[1171s] chunks 43471/95376  4-sets 12042666551  5-sets 46171
[1201s] chunks 44430/95376  4-sets 12308419643  5-sets 47153
[1231s] chunks 45403/95376  4-sets 12577725117  5-sets 48181
[1261s] chunks 46361/95376  4-sets 12843139760  5-sets 49096
[1291s] chunks 47331/95376  4-sets 13111731395  5-sets 50142
[1321s] chunks 48317/95376  4-sets 13384316990  5-sets 51166
[1351s] chunks 49264/95376  4-sets 13645860301  5-sets 52133
[1381s] chunks 50244/95376  4-sets 13919371723  5-sets 53245
[1411s] chunks 51298/95376  4-sets 14210674845  5-sets 54348
[1440s] chunks 52358/95376  4-sets 14503659634  5-sets 55477
[1470s] chunks 53371/95376  4-sets 14784746452  5-sets 56580
[1500s] chunks 54430/95376  4-sets 15078015791  5-sets 57745
[1530s] chunks 55471/95376  4-sets 15364933878  5-sets 58892
[1560s] chunks 56566/95376  4-sets 15669460496  5-sets 60057
[1590s] chunks 57687/95376  4-sets 15978798149  5-sets 61187
[1620s] chunks 58839/95376  4-sets 16298968972  5-sets 62448
[1650s] chunks 59988/95376  4-sets 16616351969  5-sets 63688
[1680s] chunks 61096/95376  4-sets 16923587544  5-sets 64850
[1710s] chunks 62200/95376  4-sets 17230353169  5-sets 65976
[1740s] chunks 63342/95376  4-sets 17546328559  5-sets 67196
[1770s] chunks 64461/95376  4-sets 17855971458  5-sets 68343
[1800s] chunks 65546/95376  4-sets 18156212807  5-sets 69456
[1830s] chunks 66682/95376  4-sets 18470279290  5-sets 70620
[1860s] chunks 67788/95376  4-sets 18777258486  5-sets 71812
[1890s] chunks 68925/95376  4-sets 19090765552  5-sets 73008
[1920s] chunks 70049/95376  4-sets 19400862316  5-sets 74180
[1950s] chunks 71102/95376  4-sets 19694676883  5-sets 75318
[1980s] chunks 72208/95376  4-sets 20000500904  5-sets 76454
[2010s] chunks 73317/95376  4-sets 20305476976  5-sets 77585
[2040s] chunks 74430/95376  4-sets 20616241295  5-sets 78771
[2071s] chunks 75558/95376  4-sets 20927470659  5-sets 79930
[2101s] chunks 76708/95376  4-sets 21246042147  5-sets 81106
[2131s] chunks 77856/95376  4-sets 21565081699  5-sets 82282
[2161s] chunks 79016/95376  4-sets 21885540286  5-sets 83499
[2191s] chunks 80152/95376  4-sets 22199674799  5-sets 84686
[2221s] chunks 81283/95376  4-sets 22513625377  5-sets 85873
[2251s] chunks 82388/95376  4-sets 22818604338  5-sets 87028
[2281s] chunks 83517/95376  4-sets 23133099303  5-sets 88197
[2311s] chunks 84640/95376  4-sets 23442698090  5-sets 89410
[2341s] chunks 85807/95376  4-sets 23765916105  5-sets 90654
[2371s] chunks 86943/95376  4-sets 24081002763  5-sets 91813
[2401s] chunks 88101/95376  4-sets 24401698501  5-sets 93028
[2431s] chunks 89260/95376  4-sets 24723085900  5-sets 94299
[2461s] chunks 90352/95376  4-sets 25025284850  5-sets 95414
[2491s] chunks 91502/95376  4-sets 25344485007  5-sets 96615
[2521s] chunks 92644/95376  4-sets 25659592881  5-sets 97833
[2551s] chunks 93686/95376  4-sets 25949003177  5-sets 98937
[2581s] chunks 94697/95376  4-sets 26225818896  5-sets 99950
[2611s] chunks 95203/95376  4-sets 26357885500  5-sets 100452
  thread  0: S [700000000001,706250000000) 4-sets 1637922509 5-sets 6418  2559.2s
  thread  1: S [706250000000,712500000000) 4-sets 1639599566 5-sets 6438  2546.9s
  thread  2: S [712500000000,718750000000) 4-sets 1641486879 5-sets 6338  2587.6s
  thread  3: S [718750000000,725000000000) 4-sets 1642940328 5-sets 6305  2554.2s
  thread  4: S [725000000000,731250000000) 4-sets 1644630883 5-sets 6381  2540.7s
  thread  5: S [731250000000,737500000000) 4-sets 1646434071 5-sets 6316  2593.3s
  thread  6: S [737500000000,743750000000) 4-sets 1647805272 5-sets 6205  2559.6s
  thread  7: S [743750000000,750000000000) 4-sets 1649552742 5-sets 6328  2562.5s
  thread  8: S [750000000000,756250000000) 4-sets 1651185430 5-sets 6239  2597.3s
  thread  9: S [756250000000,762500000000) 4-sets 1652720459 5-sets 6277  2584.1s
  thread 10: S [762500000000,768750000000) 4-sets 1654215675 5-sets 6331  2572.1s
  thread 11: S [768750000000,775000000000) 4-sets 1655901408 5-sets 6276  2625.5s
  thread 12: S [775000000000,781250000000) 4-sets 1657409350 5-sets 6251  2598.8s
  thread 13: S [781250000000,787500000000) 4-sets 1658878980 5-sets 6123  2582.7s
  thread 14: S [787500000000,793750000000) 4-sets 1660578802 5-sets 6124  2580.2s
  thread 15: S [793750000000,800000000000) 4-sets 1661947112 5-sets 6263  2633.6s
TOTAL: S_done=99999999999 pairs=39269899791 S_ge3=3287290892 triples=166047351394 4-sets=26403209466 (nonprimitive skipped=0) 5-sets=100613 6-sets=0 multi-ext-4sets=239 ext_cand=969353017884 ext_sqrt=248791896888  wall=2633.8s
5-sets by log2(largest element): 37:10 38:10360 39:32098 40:25551 41:15968 42:8352 43:4385 44:2157 45:960 46:461 47:183 48:82 49:33 50:8 51:5
