s4: S in [300000000001, 400000000000), 16 threads, chunk 1048576, ext=on
[30s] chunks 1345/95376  4-sets 352120498  5-sets 2005
[60s] chunks 2602/95376  4-sets 669933252  5-sets 3777
[90s] chunks 3845/95376  4-sets 984070551  5-sets 5462
[120s] chunks 5229/95376  4-sets 1335719117  5-sets 7370
[150s] chunks 6587/95376  4-sets 1679215421  5-sets 9291
[180s] chunks 7956/95376  4-sets 2023974163  5-sets 11171
[210s] chunks 9318/95376  4-sets 2367782505  5-sets 13105
[240s] chunks 10687/95376  4-sets 2715112979  5-sets 15003
[270s] chunks 12078/95376  4-sets 3065521751  5-sets 16901
[300s] chunks 13468/95376  4-sets 3416035841  5-sets 18863
[330s] chunks 14876/95376  4-sets 3772322831  5-sets 20821
[360s] chunks 16250/95376  4-sets 4120083152  5-sets 22722
[390s] chunks 17628/95376  4-sets 4467731486  5-sets 24690
[420s] chunks 19000/95376  4-sets 4814737563  5-sets 26595
[450s] chunks 20407/95376  4-sets 5169361818  5-sets 28590
[481s] chunks 21771/95376  4-sets 5514657446  5-sets 30496
[511s] chunks 23170/95376  4-sets 5867933320  5-sets 32492
[541s] chunks 24525/95376  4-sets 6210010365  5-sets 34354
[571s] chunks 25908/95376  4-sets 6559974107  5-sets 36204
[601s] chunks 27314/95376  4-sets 6916344408  5-sets 38178
[631s] chunks 28713/95376  4-sets 7268666414  5-sets 40167
[661s] chunks 30058/95376  4-sets 7609215232  5-sets 42027
[691s] chunks 31462/95376  4-sets 7963824339  5-sets 43981
[721s] chunks 32827/95376  4-sets 8308238957  5-sets 45862
[751s] chunks 34077/95376  4-sets 8625255924  5-sets 47637
[781s] chunks 35310/95376  4-sets 8935563113  5-sets 49337
[810s] chunks 36621/95376  4-sets 9268788918  5-sets 51154
[840s] chunks 37975/95376  4-sets 9611825580  5-sets 53020
[870s] chunks 39377/95376  4-sets 9964837918  5-sets 54904
[900s] chunks 40742/95376  4-sets 10310613862  5-sets 56705
[930s] chunks 42114/95376  4-sets 10656084158  5-sets 58586
[960s] chunks 43444/95376  4-sets 10992061480  5-sets 60446
[990s] chunks 44807/95376  4-sets 11337441630  5-sets 62318
[1020s] chunks 46204/95376  4-sets 11691863686  5-sets 64272
[1050s] chunks 47563/95376  4-sets 12034028444  5-sets 66083
[1080s] chunks 48922/95376  4-sets 12378486888  5-sets 68008
[1110s] chunks 50329/95376  4-sets 12734008289  5-sets 69852
[1140s] chunks 51681/95376  4-sets 13076706294  5-sets 71693
[1170s] chunks 53050/95376  4-sets 13421630506  5-sets 73621
[1200s] chunks 54442/95376  4-sets 13775289858  5-sets 75507
[1230s] chunks 55823/95376  4-sets 14124617087  5-sets 77404
[1260s] chunks 57174/95376  4-sets 14464106423  5-sets 79305
[1290s] chunks 58489/95376  4-sets 14798267357  5-sets 81130
[1320s] chunks 59805/95376  4-sets 15130179266  5-sets 82961
[1350s] chunks 61174/95376  4-sets 15477749056  5-sets 84957
[1380s] chunks 62523/95376  4-sets 15818709073  5-sets 86840
[1411s] chunks 63836/95376  4-sets 16151500756  5-sets 88710
[1441s] chunks 65217/95376  4-sets 16500709707  5-sets 90609
[1471s] chunks 66595/95376  4-sets 16849486927  5-sets 92489
[1501s] chunks 67975/95376  4-sets 17198842519  5-sets 94433
[1531s] chunks 69362/95376  4-sets 17548251940  5-sets 96381
[1561s] chunks 70669/95376  4-sets 17879608360  5-sets 98219
[1591s] chunks 72022/95376  4-sets 18222127516  5-sets 100156
[1621s] chunks 73339/95376  4-sets 18554844800  5-sets 102024
[1651s] chunks 74698/95376  4-sets 18899615673  5-sets 103869
[1681s] chunks 76045/95376  4-sets 19240686055  5-sets 105616
[1711s] chunks 77396/95376  4-sets 19582228242  5-sets 107431
[1741s] chunks 78772/95376  4-sets 19929888884  5-sets 109325
[1771s] chunks 80125/95376  4-sets 20272749703  5-sets 111179
[1801s] chunks 81491/95376  4-sets 20618598241  5-sets 113042
[1831s] chunks 82809/95376  4-sets 20951925666  5-sets 114928
[1861s] chunks 84139/95376  4-sets 21287885277  5-sets 116759
[1891s] chunks 85456/95376  4-sets 21622106551  5-sets 118643
[1921s] chunks 86780/95376  4-sets 21955523652  5-sets 120497
[1951s] chunks 88050/95376  4-sets 22277942510  5-sets 122267
[1981s] chunks 89301/95376  4-sets 22593638692  5-sets 123968
[2011s] chunks 90606/95376  4-sets 22923778480  5-sets 125691
[2041s] chunks 91926/95376  4-sets 23259812570  5-sets 127576
[2071s] chunks 93270/95376  4-sets 23599065492  5-sets 129415
[2101s] chunks 94537/95376  4-sets 23916664154  5-sets 131031
[2131s] chunks 95322/95376  4-sets 24106835603  5-sets 132019
  thread  0: S [300000000001,306250000000) 4-sets 1482018783 5-sets 8533  2071.5s
  thread  1: S [306250000000,312500000000) 4-sets 1485756970 5-sets 8482  2086.2s
  thread  2: S [312500000000,318750000000) 4-sets 1489304402 5-sets 8578  2064.7s
  thread  3: S [318750000000,325000000000) 4-sets 1492907210 5-sets 8474  2080.6s
  thread  4: S [325000000000,331250000000) 4-sets 1496325977 5-sets 8414  2071.3s
  thread  5: S [331250000000,337500000000) 4-sets 1499686672 5-sets 8367  2121.2s
  thread  6: S [337500000000,343750000000) 4-sets 1503142049 5-sets 8329  2091.1s
  thread  7: S [343750000000,350000000000) 4-sets 1506347252 5-sets 8355  2089.5s
  thread  8: S [350000000000,356250000000) 4-sets 1509742990 5-sets 8319  2129.0s
  thread  9: S [356250000000,362500000000) 4-sets 1512781755 5-sets 8272  2119.7s
  thread 10: S [362500000000,368750000000) 4-sets 1515968389 5-sets 8175  2117.1s
  thread 11: S [368750000000,375000000000) 4-sets 1519030038 5-sets 8011  2093.7s
  thread 12: S [375000000000,381250000000) 4-sets 1522100731 5-sets 7999  2124.0s
  thread 13: S [381250000000,387500000000) 4-sets 1525166651 5-sets 7990  2140.7s
  thread 14: S [387500000000,393750000000) 4-sets 1528068631 5-sets 7864  2120.6s
  thread 15: S [393750000000,400000000000) 4-sets 1530954235 5-sets 7930  2114.8s
TOTAL: S_done=99999999999 pairs=39269895845 S_ge3=3269027411 triples=153152825537 4-sets=24119302735 (nonprimitive skipped=0) 5-sets=132092 6-sets=0 multi-ext-4sets=355 ext_cand=832578681821 ext_sqrt=211389332061  wall=2141.0s
5-sets by log2(largest element): 36:123 37:17157 38:42751 39:32539 40:19713 41:10098 42:5098 43:2578 44:1196 45:506 46:202 47:86 48:29 49:9 50:5 52:2
