s4: S in [400000000001, 500000000000), 16 threads, chunk 1048576, ext=on
[30s] chunks 1224/95376  4-sets 332448814  5-sets 1611
[60s] chunks 2489/95376  4-sets 660641108  5-sets 3173
[90s] chunks 3755/95376  4-sets 991371091  5-sets 4800
[120s] chunks 4954/95376  4-sets 1302827865  5-sets 6336
[150s] chunks 6165/95376  4-sets 1618433804  5-sets 7832
[180s] chunks 7368/95376  4-sets 1930086610  5-sets 9352
[210s] chunks 8668/95376  4-sets 2271355967  5-sets 11014
[240s] chunks 9964/95376  4-sets 2609200444  5-sets 12685
[270s] chunks 11270/95376  4-sets 2948162341  5-sets 14298
[300s] chunks 12546/95376  4-sets 3282084414  5-sets 15930
[330s] chunks 13791/95376  4-sets 3604933843  5-sets 17521
[360s] chunks 15057/95376  4-sets 3936062780  5-sets 19112
[390s] chunks 16382/95376  4-sets 4280724534  5-sets 20796
[420s] chunks 17691/95376  4-sets 4619709974  5-sets 22452
[450s] chunks 18980/95376  4-sets 4956890923  5-sets 24121
[480s] chunks 20309/95376  4-sets 5302594013  5-sets 25800
[510s] chunks 21634/95376  4-sets 5648456327  5-sets 27519
[540s] chunks 22973/95376  4-sets 5997242411  5-sets 29224
[570s] chunks 24311/95376  4-sets 6346564645  5-sets 30876
[600s] chunks 25618/95376  4-sets 6686445130  5-sets 32580
[630s] chunks 26946/95376  4-sets 7032293780  5-sets 34317
[660s] chunks 28229/95376  4-sets 7367408854  5-sets 35958
[690s] chunks 29537/95376  4-sets 7707850333  5-sets 37663
[720s] chunks 30828/95376  4-sets 8044466988  5-sets 39252
[750s] chunks 32160/95376  4-sets 8390944323  5-sets 40991
[780s] chunks 33473/95376  4-sets 8733313716  5-sets 42583
[810s] chunks 34769/95376  4-sets 9071452372  5-sets 44176
[840s] chunks 36084/95376  4-sets 9413049757  5-sets 45882
[870s] chunks 37386/95376  4-sets 9752874887  5-sets 47595
[900s] chunks 38716/95376  4-sets 10098691712  5-sets 49241
[930s] chunks 40016/95376  4-sets 10438104562  5-sets 50944
[960s] chunks 41298/95376  4-sets 10772126592  5-sets 52548
[990s] chunks 42613/95376  4-sets 11115268382  5-sets 54205
[1020s] chunks 43918/95376  4-sets 11452788331  5-sets 55797
[1051s] chunks 45220/95376  4-sets 11794385439  5-sets 57417
[1081s] chunks 46523/95376  4-sets 12134234262  5-sets 59089
[1111s] chunks 47846/95376  4-sets 12479175473  5-sets 60721
[1141s] chunks 49103/95376  4-sets 12806530624  5-sets 62323
[1171s] chunks 50359/95376  4-sets 13134293529  5-sets 63919
[1201s] chunks 51633/95376  4-sets 13465496783  5-sets 65537
[1231s] chunks 52893/95376  4-sets 13794507231  5-sets 67172
[1261s] chunks 54153/95376  4-sets 14121860705  5-sets 68783
[1291s] chunks 55457/95376  4-sets 14463252265  5-sets 70423
[1321s] chunks 56738/95376  4-sets 14796520672  5-sets 72005
[1351s] chunks 58042/95376  4-sets 15136449933  5-sets 73632
[1381s] chunks 59353/95376  4-sets 15478151156  5-sets 75378
[1411s] chunks 60593/95376  4-sets 15800398041  5-sets 76971
[1441s] chunks 61858/95376  4-sets 16131079341  5-sets 78546
[1471s] chunks 63057/95376  4-sets 16442746639  5-sets 80093
[1501s] chunks 64326/95376  4-sets 16773548016  5-sets 81656
[1530s] chunks 65511/95376  4-sets 17082087673  5-sets 83157
[1560s] chunks 66746/95376  4-sets 17404164175  5-sets 84849
[1590s] chunks 67915/95376  4-sets 17707944401  5-sets 86328
[1620s] chunks 69051/95376  4-sets 18001368709  5-sets 87747
[1650s] chunks 70174/95376  4-sets 18299704046  5-sets 89185
[1680s] chunks 71361/95376  4-sets 18607933764  5-sets 90761
[1710s] chunks 72520/95376  4-sets 18909001265  5-sets 92264
[1740s] chunks 73694/95376  4-sets 19214805978  5-sets 93733
[1770s] chunks 74866/95376  4-sets 19522021810  5-sets 95247
[1800s] chunks 76025/95376  4-sets 19824313633  5-sets 96704
[1830s] chunks 77206/95376  4-sets 20132189209  5-sets 98143
[1860s] chunks 78389/95376  4-sets 20438760577  5-sets 99643
[1890s] chunks 79554/95376  4-sets 20744498024  5-sets 101173
[1920s] chunks 80722/95376  4-sets 21049518871  5-sets 102700
[1950s] chunks 81893/95376  4-sets 21354706092  5-sets 104146
[1981s] chunks 83097/95376  4-sets 21668828909  5-sets 105631
[2011s] chunks 84314/95376  4-sets 21986569150  5-sets 107177
[2041s] chunks 85508/95376  4-sets 22298099270  5-sets 108666
[2071s] chunks 86703/95376  4-sets 22609626375  5-sets 110198
[2101s] chunks 87887/95376  4-sets 22918548672  5-sets 111703
[2131s] chunks 89073/95376  4-sets 23225491089  5-sets 113211
[2161s] chunks 90232/95376  4-sets 23529440490  5-sets 114657
[2191s] chunks 91397/95376  4-sets 23832961246  5-sets 116150
[2221s] chunks 92562/95376  4-sets 24135514993  5-sets 117592
[2251s] chunks 93729/95376  4-sets 24441438260  5-sets 119083
[2281s] chunks 94732/95376  4-sets 24698491019  5-sets 120259
[2311s] chunks 95250/95376  4-sets 24828091158  5-sets 120880
  thread  0: S [400000000001,406250000000) 4-sets 1533845560 5-sets 7797  2185.2s
  thread  1: S [406250000000,412500000000) 4-sets 1536614611 5-sets 7852  2243.9s
  thread  2: S [412500000000,418750000000) 4-sets 1539476798 5-sets 7782  2275.6s
  thread  3: S [418750000000,425000000000) 4-sets 1542174826 5-sets 7768  2250.6s
  thread  4: S [425000000000,431250000000) 4-sets 1544884061 5-sets 7658  2269.2s
  thread  5: S [431250000000,437500000000) 4-sets 1547570529 5-sets 7608  2243.3s
  thread  6: S [437500000000,443750000000) 4-sets 1550202641 5-sets 7648  2268.6s
  thread  7: S [443750000000,450000000000) 4-sets 1552777276 5-sets 7558  2213.5s
  thread  8: S [450000000000,456250000000) 4-sets 1555368181 5-sets 7526  2283.9s
  thread  9: S [456250000000,462500000000) 4-sets 1557922852 5-sets 7650  2303.4s
  thread 10: S [462500000000,468750000000) 4-sets 1560423188 5-sets 7454  2261.7s
  thread 11: S [468750000000,475000000000) 4-sets 1562961282 5-sets 7347  2308.8s
  thread 12: S [475000000000,481250000000) 4-sets 1565235661 5-sets 7250  2283.6s
  thread 13: S [481250000000,487500000000) 4-sets 1567774141 5-sets 7451  2306.3s
  thread 14: S [487500000000,493750000000) 4-sets 1570140952 5-sets 7374  2278.0s
  thread 15: S [493750000000,500000000000) 4-sets 1572480321 5-sets 7298  2337.1s
TOTAL: S_done=99999999999 pairs=39269896766 S_ge3=3275266312 triples=157340752083 4-sets=24859852880 (nonprimitive skipped=0) 5-sets=121021 6-sets=0 multi-ext-4sets=303 ext_cand=875928367546 ext_sqrt=223216617530  wall=2337.7s
5-sets by log2(largest element): 37:5521 38:35394 39:34721 40:21733 41:11863 42:6208 43:2991 44:1465 45:671 46:282 47:108 48:40 49:15 50:8 51:1
