s4: S in [500000000001, 600000000000), 16 threads, chunk 1048576, ext=on
[30s] chunks 1108/95376  4-sets 308030111  5-sets 1352
[60s] chunks 2253/95376  4-sets 613030960  5-sets 2717
[90s] chunks 3391/95376  4-sets 916822687  5-sets 4024
[120s] chunks 4534/95376  4-sets 1221757949  5-sets 5289
[150s] chunks 5669/95376  4-sets 1525169977  5-sets 6602
[180s] chunks 6815/95376  4-sets 1830484859  5-sets 7998
[210s] chunks 7947/95376  4-sets 2131586095  5-sets 9315
[240s] chunks 9123/95376  4-sets 2446687319  5-sets 10791
[271s] chunks 10209/95376  4-sets 2735730245  5-sets 12110
[301s] chunks 11356/95376  4-sets 3041902556  5-sets 13456
[331s] chunks 12509/95376  4-sets 3349347648  5-sets 14812
[361s] chunks 13671/95376  4-sets 3658075105  5-sets 16230
[391s] chunks 14839/95376  4-sets 3971260992  5-sets 17564
[421s] chunks 15991/95376  4-sets 4278317453  5-sets 18967
[451s] chunks 17079/95376  4-sets 4569076779  5-sets 20257
[481s] chunks 18226/95376  4-sets 4871365805  5-sets 21629
[511s] chunks 19296/95376  4-sets 5159150690  5-sets 22920
[541s] chunks 20410/95376  4-sets 5457178904  5-sets 24250
[571s] chunks 21538/95376  4-sets 5756138929  5-sets 25578
[601s] chunks 22614/95376  4-sets 6044207162  5-sets 26917
[631s] chunks 23706/95376  4-sets 6336778037  5-sets 28230
[661s] chunks 24830/95376  4-sets 6635877759  5-sets 29576
[691s] chunks 25938/95376  4-sets 6933000137  5-sets 30861
[721s] chunks 26868/95376  4-sets 7181115218  5-sets 31979
[751s] chunks 27931/95376  4-sets 7463380124  5-sets 33182
[780s] chunks 28989/95376  4-sets 7745952700  5-sets 34460
[810s] chunks 30100/95376  4-sets 8042428206  5-sets 35775
[840s] chunks 31179/95376  4-sets 8330671916  5-sets 36974
[870s] chunks 32298/95376  4-sets 8628838698  5-sets 38353
[900s] chunks 33385/95376  4-sets 8919806305  5-sets 39578
[930s] chunks 34487/95376  4-sets 9214085905  5-sets 40859
[960s] chunks 35568/95376  4-sets 9498459054  5-sets 42165
[990s] chunks 36564/95376  4-sets 9765639041  5-sets 43321
[1020s] chunks 37612/95376  4-sets 10048607046  5-sets 44568
[1050s] chunks 38773/95376  4-sets 10357647875  5-sets 45961
[1080s] chunks 39827/95376  4-sets 10636854007  5-sets 47132
[1110s] chunks 40856/95376  4-sets 10913847718  5-sets 48313
[1140s] chunks 41938/95376  4-sets 11203162617  5-sets 49608
[1170s] chunks 43030/95376  4-sets 11493949276  5-sets 50842
[1200s] chunks 44105/95376  4-sets 11781825510  5-sets 52109
[1230s] chunks 45126/95376  4-sets 12050969505  5-sets 53334
[1260s] chunks 46121/95376  4-sets 12319823979  5-sets 54528
[1291s] chunks 47203/95376  4-sets 12607742042  5-sets 55792
[1321s] chunks 48214/95376  4-sets 12877581736  5-sets 57039
[1351s] chunks 49306/95376  4-sets 13167909443  5-sets 58299
[1381s] chunks 50345/95376  4-sets 13446416179  5-sets 59588
[1411s] chunks 51375/95376  4-sets 13721106720  5-sets 60797
[1441s] chunks 52440/95376  4-sets 14007076461  5-sets 62092
[1471s] chunks 53447/95376  4-sets 14274820123  5-sets 63242
[1501s] chunks 54447/95376  4-sets 14540397207  5-sets 64373
[1531s] chunks 55484/95376  4-sets 14818531473  5-sets 65639
[1561s] chunks 56626/95376  4-sets 15122261665  5-sets 66959
[1591s] chunks 57765/95376  4-sets 15426515971  5-sets 68284
[1621s] chunks 58843/95376  4-sets 15712620342  5-sets 69528
[1651s] chunks 59966/95376  4-sets 16016318401  5-sets 70779
[1680s] chunks 61061/95376  4-sets 16305490499  5-sets 72072
[1710s] chunks 62140/95376  4-sets 16596005249  5-sets 73304
[1740s] chunks 63095/95376  4-sets 16849156082  5-sets 74449
[1770s] chunks 64266/95376  4-sets 17164674318  5-sets 75858
[1800s] chunks 65407/95376  4-sets 17467533173  5-sets 77204
[1830s] chunks 66555/95376  4-sets 17775010160  5-sets 78561
[1860s] chunks 67566/95376  4-sets 18044863948  5-sets 79722
[1890s] chunks 68701/95376  4-sets 18348655185  5-sets 81115
[1920s] chunks 69844/95376  4-sets 18653387715  5-sets 82493
[1950s] chunks 70984/95376  4-sets 18956397650  5-sets 83880
[1981s] chunks 72063/95376  4-sets 19242286687  5-sets 85085
[2011s] chunks 73151/95376  4-sets 19536826162  5-sets 86385
[2041s] chunks 74306/95376  4-sets 19844091642  5-sets 87761
[2071s] chunks 75441/95376  4-sets 20149810281  5-sets 89093
[2101s] chunks 76591/95376  4-sets 20454932460  5-sets 90473
[2131s] chunks 77742/95376  4-sets 20763010344  5-sets 91865
[2161s] chunks 78792/95376  4-sets 21041232069  5-sets 93120
[2191s] chunks 79911/95376  4-sets 21342146737  5-sets 94489
[2221s] chunks 81033/95376  4-sets 21641872663  5-sets 95758
[2251s] chunks 82207/95376  4-sets 21955650452  5-sets 97130
[2281s] chunks 83284/95376  4-sets 22240517340  5-sets 98327
[2311s] chunks 84373/95376  4-sets 22533807459  5-sets 99595
[2341s] chunks 85496/95376  4-sets 22833069789  5-sets 100906
[2370s] chunks 86635/95376  4-sets 23137913337  5-sets 102266
[2400s] chunks 87793/95376  4-sets 23447345182  5-sets 103581
[2430s] chunks 88980/95376  4-sets 23763687303  5-sets 104957
[2460s] chunks 90132/95376  4-sets 24071014425  5-sets 106317
[2490s] chunks 91299/95376  4-sets 24382909426  5-sets 107770
[2520s] chunks 92437/95376  4-sets 24687172099  5-sets 109150
[2550s] chunks 93578/95376  4-sets 24992800225  5-sets 110470
[2580s] chunks 94647/95376  4-sets 25274754791  5-sets 111690
[2610s] chunks 95237/95376  4-sets 25423821261  5-sets 112402
[2640s] chunks 95373/95376  4-sets 25459917774  5-sets 112562
  thread  0: S [500000000001,506250000000) 4-sets 1574832296 5-sets 7250  2530.9s
  thread  1: S [506250000000,512500000000) 4-sets 1577178241 5-sets 7214  2570.4s
  thread  2: S [512500000000,518750000000) 4-sets 1579330690 5-sets 7164  2503.6s
  thread  3: S [518750000000,525000000000) 4-sets 1581679995 5-sets 7139  2556.9s
  thread  4: S [525000000000,531250000000) 4-sets 1583882642 5-sets 7110  2585.8s
  thread  5: S [531250000000,537500000000) 4-sets 1586056834 5-sets 7166  2557.1s
  thread  6: S [537500000000,543750000000) 4-sets 1588375496 5-sets 7240  2590.3s
  thread  7: S [543750000000,550000000000) 4-sets 1590357720 5-sets 7110  2566.1s
  thread  8: S [550000000000,556250000000) 4-sets 1592556842 5-sets 6943  2599.8s
  thread  9: S [556250000000,562500000000) 4-sets 1594587232 5-sets 6879  2598.3s
  thread 10: S [562500000000,568750000000) 4-sets 1596794152 5-sets 6933  2600.1s
  thread 11: S [568750000000,575000000000) 4-sets 1598845793 5-sets 6862  2590.2s
  thread 12: S [575000000000,581250000000) 4-sets 1600794794 5-sets 6885  2569.3s
  thread 13: S [581250000000,587500000000) 4-sets 1602825980 5-sets 6962  2568.7s
  thread 14: S [587500000000,593750000000) 4-sets 1604933207 5-sets 6870  2602.5s
  thread 15: S [593750000000,600000000000) 4-sets 1606885860 5-sets 6835  2639.7s
TOTAL: S_done=99999999999 pairs=39269898702 S_ge3=3280100557 triples=160729123621 4-sets=25459917774 (nonprimitive skipped=0) 5-sets=112562 6-sets=0 multi-ext-4sets=269 ext_cand=911764697827 ext_sqrt=233013524904  wall=2640.2s
5-sets by log2(largest element): 37:1322 38:25554 39:35498 40:23385 41:13368 42:6983 43:3407 44:1672 45:825 46:334 47:119 48:58 49:22 50:11 51:3 53:1
