s4: S in [800000000001, 900000000000), 16 threads, chunk 1048576, ext=on
[30s] chunks 1083/95376  4-sets 316483269  5-sets 1154
[60s] chunks 2186/95376  4-sets 625980218  5-sets 2291
[90s] chunks 3269/95376  4-sets 930784167  5-sets 3374
[120s] chunks 4361/95376  4-sets 1237048494  5-sets 4459
[150s] chunks 5452/95376  4-sets 1543054515  5-sets 5530
[180s] chunks 6567/95376  4-sets 1856761058  5-sets 6690
[210s] chunks 7674/95376  4-sets 2167893312  5-sets 7829
[240s] chunks 8727/95376  4-sets 2463920907  5-sets 8872
[270s] chunks 9837/95376  4-sets 2774659432  5-sets 9959
[300s] chunks 10907/95376  4-sets 3074772802  5-sets 11045
[330s] chunks 11997/95376  4-sets 3380119905  5-sets 12108
[360s] chunks 13037/95376  4-sets 3671878711  5-sets 13156
[390s] chunks 14118/95376  4-sets 3975482550  5-sets 14260
[420s] chunks 15209/95376  4-sets 4282023919  5-sets 15344
[450s] chunks 16261/95376  4-sets 4576571115  5-sets 16434
[480s] chunks 17249/95376  4-sets 4856584386  5-sets 17397
[510s] chunks 18272/95376  4-sets 5143070604  5-sets 18441
[540s] chunks 19328/95376  4-sets 5438423018  5-sets 19492
[570s] chunks 20391/95376  4-sets 5737781909  5-sets 20547
[600s] chunks 21445/95376  4-sets 6034039586  5-sets 21659
[630s] chunks 22439/95376  4-sets 6310499640  5-sets 22651
[660s] chunks 23360/95376  4-sets 6567119286  5-sets 23554
[690s] chunks 24276/95376  4-sets 6827954009  5-sets 24511
[720s] chunks 25112/95376  4-sets 7063555761  5-sets 25349
[751s] chunks 26069/95376  4-sets 7333124448  5-sets 26378
[781s] chunks 27150/95376  4-sets 7636794411  5-sets 27442
[811s] chunks 28171/95376  4-sets 7923664383  5-sets 28464
[841s] chunks 29231/95376  4-sets 8221254785  5-sets 29483
[871s] chunks 30253/95376  4-sets 8506684846  5-sets 30599
[901s] chunks 31266/95376  4-sets 8792853323  5-sets 31577
[931s] chunks 32290/95376  4-sets 9077508852  5-sets 32680
[961s] chunks 33293/95376  4-sets 9361861873  5-sets 33694
[991s] chunks 34363/95376  4-sets 9662704641  5-sets 34735
[1021s] chunks 35374/95376  4-sets 9945691666  5-sets 35757
[1051s] chunks 36413/95376  4-sets 10237508031  5-sets 36797
[1080s] chunks 37384/95376  4-sets 10509603531  5-sets 37788
[1110s] chunks 38376/95376  4-sets 10791274123  5-sets 38798
[1140s] chunks 39469/95376  4-sets 11096993540  5-sets 39902
[1170s] chunks 40583/95376  4-sets 11409036252  5-sets 41024
[1200s] chunks 41601/95376  4-sets 11694953848  5-sets 42035
[1230s] chunks 42604/95376  4-sets 11977395719  5-sets 43023
[1260s] chunks 43691/95376  4-sets 12283297180  5-sets 44137
[1290s] chunks 44791/95376  4-sets 12591160031  5-sets 45261
[1321s] chunks 45837/95376  4-sets 12885065998  5-sets 46297
[1351s] chunks 46939/95376  4-sets 13195095034  5-sets 47380
[1381s] chunks 48064/95376  4-sets 13511602946  5-sets 48566
[1411s] chunks 49183/95376  4-sets 13825537461  5-sets 49657
[1441s] chunks 50294/95376  4-sets 14137159438  5-sets 50781
[1471s] chunks 51424/95376  4-sets 14454912544  5-sets 51959
[1501s] chunks 52525/95376  4-sets 14763948108  5-sets 53074
[1531s] chunks 53555/95376  4-sets 15052414770  5-sets 54127
[1561s] chunks 54636/95376  4-sets 15356958705  5-sets 55204
[1591s] chunks 55742/95376  4-sets 15668921964  5-sets 56331
[1621s] chunks 56831/95376  4-sets 15972580444  5-sets 57477
[1651s] chunks 57938/95376  4-sets 16284485339  5-sets 58597
[1680s] chunks 58979/95376  4-sets 16577637424  5-sets 59598
[1710s] chunks 59984/95376  4-sets 16859046706  5-sets 60586
[1740s] chunks 60991/95376  4-sets 17142996107  5-sets 61619
[1770s] chunks 62042/95376  4-sets 17436747001  5-sets 62694
[1800s] chunks 63064/95376  4-sets 17724570877  5-sets 63750
[1830s] chunks 64092/95376  4-sets 18013243683  5-sets 64714
[1860s] chunks 65108/95376  4-sets 18298119035  5-sets 65692
[1890s] chunks 66138/95376  4-sets 18586390449  5-sets 66706
[1920s] chunks 67141/95376  4-sets 18869023295  5-sets 67730
[1950s] chunks 68213/95376  4-sets 19170658119  5-sets 68828
[1980s] chunks 69310/95376  4-sets 19480158549  5-sets 69957
[2010s] chunks 70425/95376  4-sets 19792647562  5-sets 71090
[2040s] chunks 71511/95376  4-sets 20097503945  5-sets 72167
[2071s] chunks 72622/95376  4-sets 20410166558  5-sets 73320
[2101s] chunks 73721/95376  4-sets 20717399157  5-sets 74393
[2131s] chunks 74753/95376  4-sets 21008566865  5-sets 75411
[2161s] chunks 75830/95376  4-sets 21311467804  5-sets 76489
[2191s] chunks 76945/95376  4-sets 21625327548  5-sets 77676
[2220s] chunks 77853/95376  4-sets 21879797727  5-sets 78596
[2250s] chunks 78900/95376  4-sets 22173866483  5-sets 79660
[2280s] chunks 79956/95376  4-sets 22470474120  5-sets 80767
[2310s] chunks 80995/95376  4-sets 22761695076  5-sets 81824
[2340s] chunks 82064/95376  4-sets 23062958165  5-sets 82910
[2370s] chunks 83079/95376  4-sets 23347785354  5-sets 83989
[2400s] chunks 84097/95376  4-sets 23634141338  5-sets 85019
[2430s] chunks 85116/95376  4-sets 23919654606  5-sets 86010
[2460s] chunks 86229/95376  4-sets 24232722427  5-sets 87157
[2490s] chunks 87321/95376  4-sets 24539465463  5-sets 88287
[2520s] chunks 88395/95376  4-sets 24841542295  5-sets 89252
[2550s] chunks 89440/95376  4-sets 25134834857  5-sets 90300
[2580s] chunks 90529/95376  4-sets 25442263467  5-sets 91345
[2610s] chunks 91653/95376  4-sets 25757898882  5-sets 92486
[2640s] chunks 92766/95376  4-sets 26070504263  5-sets 93639
[2670s] chunks 93869/95376  4-sets 26378519086  5-sets 94706
[2700s] chunks 94908/95376  4-sets 26667842443  5-sets 95696
[2730s] chunks 95334/95376  4-sets 26779185708  5-sets 96079
  thread  0: S [800000000001,806250000000) 4-sets 1663434176 5-sets 6127  2638.2s
  thread  1: S [806250000000,812500000000) 4-sets 1664993712 5-sets 6113  2684.4s
  thread  2: S [812500000000,818750000000) 4-sets 1666373056 5-sets 6166  2706.1s
  thread  3: S [818750000000,825000000000) 4-sets 1668074625 5-sets 6060  2682.0s
  thread  4: S [825000000000,831250000000) 4-sets 1669407736 5-sets 6191  2660.5s
  thread  5: S [831250000000,837500000000) 4-sets 1670829301 5-sets 5998  2686.5s
  thread  6: S [837500000000,843750000000) 4-sets 1672163962 5-sets 5952  2690.2s
  thread  7: S [843750000000,850000000000) 4-sets 1673856579 5-sets 6012  2709.2s
  thread  8: S [850000000000,856250000000) 4-sets 1675254061 5-sets 5893  2722.6s
  thread  9: S [856250000000,862500000000) 4-sets 1676429287 5-sets 6070  2692.7s
  thread 10: S [862500000000,868750000000) 4-sets 1678011265 5-sets 5960  2701.6s
  thread 11: S [868750000000,875000000000) 4-sets 1679501135 5-sets 6002  2712.1s
  thread 12: S [875000000000,881250000000) 4-sets 1680632158 5-sets 5819  2714.0s
  thread 13: S [881250000000,887500000000) 4-sets 1682093125 5-sets 5952  2695.9s
  thread 14: S [887500000000,893750000000) 4-sets 1683519557 5-sets 5906  2710.7s
  thread 15: S [893750000000,900000000000) 4-sets 1684893467 5-sets 5892  2739.3s
TOTAL: S_done=99999999999 pairs=39269900308 S_ge3=3290087069 triples=168222862442 4-sets=26789467202 (nonprimitive skipped=0) 5-sets=96113 6-sets=0 multi-ext-4sets=233 ext_cand=993373547409 ext_sqrt=255386582055  wall=2739.4s
5-sets by log2(largest element): 37:1 38:5775 39:29120 40:26793 41:16629 42:8974 43:4629 44:2219 45:1150 46:482 47:207 48:84 49:29 50:12 51:5 52:4
