s4: S in [1, 100000000000), 16 threads, chunk 1048576, ext=on
[30s] chunks 2372/95376  4-sets 423499834  5-sets 10592
[60s] chunks 4607/95376  4-sets 820116014  5-sets 18859
[90s] chunks 6715/95376  4-sets 1196368672  5-sets 26622
[120s] chunks 8426/95376  4-sets 1500178458  5-sets 32603
[150s] chunks 10477/95376  4-sets 1883222521  5-sets 39923
[180s] chunks 12700/95376  4-sets 2290488064  5-sets 47508
[210s] chunks 14877/95376  4-sets 2688709114  5-sets 54902
[240s] chunks 17033/95376  4-sets 3084610399  5-sets 62209
[270s] chunks 19196/95376  4-sets 3487094668  5-sets 69129
[300s] chunks 21345/95376  4-sets 3885391083  5-sets 75838
[330s] chunks 23513/95376  4-sets 4288016749  5-sets 82950
[360s] chunks 25615/95376  4-sets 4674396841  5-sets 89581
[391s] chunks 27672/95376  4-sets 5055875154  5-sets 96229
[421s] chunks 29654/95376  4-sets 5424478869  5-sets 102542
[451s] chunks 31585/95376  4-sets 5786405597  5-sets 108679
[481s] chunks 33633/95376  4-sets 6169072392  5-sets 115179
[511s] chunks 35705/95376  4-sets 6556524178  5-sets 121517
[541s] chunks 37743/95376  4-sets 6940207532  5-sets 127871
[571s] chunks 39732/95376  4-sets 7313579563  5-sets 133811
[601s] chunks 41798/95376  4-sets 7700032159  5-sets 140341
[631s] chunks 43800/95376  4-sets 8079698119  5-sets 146428
[661s] chunks 45828/95376  4-sets 8463165994  5-sets 152634
[691s] chunks 47817/95376  4-sets 8833436636  5-sets 158572
[721s] chunks 49818/95376  4-sets 9217216023  5-sets 164643
[751s] chunks 51864/95376  4-sets 9604556545  5-sets 170957
[781s] chunks 53943/95376  4-sets 10000540231  5-sets 177151
[810s] chunks 55860/95376  4-sets 10362870125  5-sets 182987
[840s] chunks 57888/95376  4-sets 10743985569  5-sets 189210
[870s] chunks 59850/95376  4-sets 11116500769  5-sets 194971
[900s] chunks 61822/95376  4-sets 11501060091  5-sets 200551
[930s] chunks 63813/95376  4-sets 11887296958  5-sets 206075
[960s] chunks 65796/95376  4-sets 12273290133  5-sets 211575
[990s] chunks 67791/95376  4-sets 12660661605  5-sets 217043
[1020s] chunks 69770/95376  4-sets 13045498737  5-sets 222657
[1050s] chunks 71770/95376  4-sets 13433922421  5-sets 228109
[1080s] chunks 73740/95376  4-sets 13822579645  5-sets 233503
[1110s] chunks 75703/95376  4-sets 14210660272  5-sets 238731
[1140s] chunks 77682/95376  4-sets 14601789656  5-sets 244099
[1170s] chunks 79559/95376  4-sets 14970633513  5-sets 248990
[1200s] chunks 81397/95376  4-sets 15340549100  5-sets 253820
[1230s] chunks 83254/95376  4-sets 15712568684  5-sets 258565
[1260s] chunks 85148/95376  4-sets 16094707043  5-sets 263168
[1290s] chunks 86968/95376  4-sets 16460838015  5-sets 267663
[1320s] chunks 88678/95376  4-sets 16814092385  5-sets 271877
[1350s] chunks 90395/95376  4-sets 17165332700  5-sets 275966
[1380s] chunks 91798/95376  4-sets 17456457542  5-sets 279184
[1410s] chunks 93061/95376  4-sets 17721714059  5-sets 282054
[1440s] chunks 94102/95376  4-sets 17939518185  5-sets 284352
[1470s] chunks 95002/95376  4-sets 18128494329  5-sets 286279
[1500s] chunks 95292/95376  4-sets 18187136127  5-sets 286842
  thread  0: S [1,6250000000) 4-sets 759675299 5-sets 37820  865.2s
  thread  1: S [6250000000,12500000000) 4-sets 931766206 5-sets 26022  1058.3s
  thread  2: S [12500000000,18750000000) 4-sets 1004439712 5-sets 22482  1175.5s
  thread  3: S [18750000000,25000000000) 4-sets 1053459976 5-sets 20154  1233.0s
  thread  4: S [25000000000,31250000000) 4-sets 1090803989 5-sets 19039  1270.3s
  thread  5: S [31250000000,37500000000) 4-sets 1121149327 5-sets 17505  1341.5s
  thread  6: S [37500000000,43750000000) 4-sets 1146757513 5-sets 16818  1336.0s
  thread  7: S [43750000000,50000000000) 4-sets 1168964626 5-sets 16025  1356.8s
  thread  8: S [50000000000,56250000000) 4-sets 1188586418 5-sets 15297  1369.2s
  thread  9: S [56250000000,62500000000) 4-sets 1206178161 5-sets 14853  1421.5s
  thread 10: S [62500000000,68750000000) 4-sets 1222142619 5-sets 14560  1414.8s
  thread 11: S [68750000000,75000000000) 4-sets 1236795036 5-sets 13958  1461.6s
  thread 12: S [75000000000,81250000000) 4-sets 1250278701 5-sets 13521  1477.9s
  thread 13: S [81250000000,87500000000) 4-sets 1262754386 5-sets 13316  1473.6s
  thread 14: S [87500000000,93750000000) 4-sets 1274481214 5-sets 12934  1469.8s
  thread 15: S [93750000000,100000000000) 4-sets 1285504439 5-sets 12677  1511.8s
TOTAL: S_done=99999999999 pairs=39269861685 S_ge3=3200697877 triples=119368921437 4-sets=18203737622 (nonprimitive skipped=0) 5-sets=286981 6-sets=0 multi-ext-4sets=1074 ext_cand=525549011272 ext_sqrt=128779882129  wall=1512.3s
5-sets by log2(largest element): 19:2 20:3 21:19 22:28 23:62 24:141 25:237 26:507 27:892 28:1621 29:2753 30:4826 31:8148 32:13752 33:22693 34:37278 35:58044 36:58217 37:37375 38:20766 39:10427 40:5007 41:2426 42:1090 43:412 44:161 45:55 46:27 47:8 48:3 49:1
